33
 it worked?